index.tsx(21,10): error TS2339: Property 'state' does not exist on type 'ErrorBoundary'.
index.tsx(33,14): error TS2339: Property 'state' does not exist on type 'ErrorBoundary'.
index.tsx(39,19): error TS2339: Property 'state' does not exist on type 'ErrorBoundary'.
index.tsx(45,17): error TS2339: Property 'props' does not exist on type 'ErrorBoundary'.
node_modules/@supabase/auth-js/src/GoTrueClient.ts(719,7): error TS2322: Type '{ data: { weakPassword: WeakPassword; user: User; session: Session; }; error: AuthError; }' is not assignable to type 'AuthTokenResponsePassword'.
  Type '{ data: { weakPassword: WeakPassword; user: User; session: Session; }; error: AuthError; }' is not assignable to type '{ data: { user: null; session: null; weakPassword?: null; }; error: AuthError; }'.
    The types of 'data.user' are incompatible between these types.
      Type 'User' is not assignable to type 'null'.
node_modules/@supabase/auth-js/src/lib/helpers.ts(107,37): error TS2556: A spread argument must either have a tuple type or be passed to a rest parameter.
node_modules/@supabase/auth-js/src/lib/helpers.ts(109,29): error TS2556: A spread argument must either have a tuple type or be passed to a rest parameter.
node_modules/@supabase/functions-js/src/helper.ts(5,37): error TS2556: A spread argument must either have a tuple type or be passed to a rest parameter.
node_modules/@supabase/functions-js/src/helper.ts(7,29): error TS2556: A spread argument must either have a tuple type or be passed to a rest parameter.
node_modules/@supabase/realtime-js/src/RealtimeClient.ts(530,39): error TS2556: A spread argument must either have a tuple type or be passed to a rest parameter.
node_modules/@supabase/realtime-js/src/RealtimeClient.ts(532,31): error TS2556: A spread argument must either have a tuple type or be passed to a rest parameter.
